\BOOKMARK [0][-]{chapter.1}{\376\377\000I\000n\000t\000r\000o\000d\000u\000z\000i\000o\000n\000e}{}% 1
\BOOKMARK [1][-]{section.1.1}{\376\377\000A\000l\000g\000o\000r\000i\000t\000m\000o\000,\000\040\000P\000r\000o\000g\000r\000a\000m\000m\000a\000,\000\040\000P\000r\000o\000c\000e\000s\000s\000o}{chapter.1}% 2
\BOOKMARK [1][-]{section.1.2}{\376\377\000S\000t\000a\000t\000i\000\040\000d\000i\000\040\000u\000n\000\040\000P\000r\000o\000c\000e\000s\000s\000o}{chapter.1}% 3
\BOOKMARK [1][-]{section.1.3}{\376\377\000P\000r\000o\000c\000e\000s\000s\000i\000\040\000S\000e\000q\000u\000e\000n\000z\000i\000a\000l\000i\000\040\000e\000\040\000P\000r\000o\000c\000e\000s\000s\000i\000\040\000n\000o\000n\000\040\000S\000e\000q\000u\000e\000n\000z\000i\000a\000l\000i}{chapter.1}% 4
\BOOKMARK [2][-]{subsection.1.3.1}{\376\377\000P\000r\000o\000c\000e\000s\000s\000i\000\040\000S\000e\000q\000u\000e\000n\000z\000i\000a\000l\000i}{section.1.3}% 5
\BOOKMARK [2][-]{subsection.1.3.2}{\376\377\000P\000r\000o\000c\000e\000s\000s\000i\000\040\000n\000o\000n\000\040\000S\000e\000q\000u\000e\000n\000z\000i\000a\000l\000i}{section.1.3}% 6
\BOOKMARK [1][-]{section.1.4}{\376\377\000P\000r\000o\000c\000e\000s\000s\000i\000\040\000I\000n\000t\000e\000r\000a\000g\000e\000n\000t\000i}{chapter.1}% 7
\BOOKMARK [2][-]{subsection.1.4.1}{\376\377\000I\000n\000t\000e\000r\000a\000z\000i\000o\000n\000e\000\040\000I\000n\000d\000i\000r\000e\000t\000t\000a\000\040\000\050\000C\000o\000m\000p\000e\000t\000i\000z\000i\000o\000n\000e\000\051}{section.1.4}% 8
\BOOKMARK [2][-]{subsection.1.4.2}{\376\377\000I\000n\000t\000e\000r\000a\000z\000i\000o\000n\000e\000\040\000D\000i\000r\000e\000t\000t\000a\000\040\000\050\000C\000o\000o\000p\000e\000r\000a\000z\000i\000o\000n\000e\000\051}{section.1.4}% 9
\BOOKMARK [2][-]{subsection.1.4.3}{\376\377\000I\000n\000t\000e\000r\000a\000z\000i\000o\000n\000e\000\040\000I\000n\000d\000e\000s\000i\000d\000e\000r\000a\000t\000a\000\040\000\050\000I\000n\000t\000e\000r\000f\000e\000r\000e\000n\000z\000a\000\051}{section.1.4}% 10
\BOOKMARK [1][-]{section.1.5}{\376\377\000S\000i\000n\000c\000r\000o\000n\000i\000z\000z\000a\000z\000i\000o\000n\000e\000\040\000t\000r\000a\000\040\000P\000r\000o\000c\000e\000s\000s\000i}{chapter.1}% 11
\BOOKMARK [2][-]{subsection.1.5.1}{\376\377\000S\000e\000z\000i\000o\000n\000e\000\040\000C\000r\000i\000t\000i\000c\000a}{section.1.5}% 12
\BOOKMARK [2][-]{subsection.1.5.2}{\376\377\000S\000t\000r\000u\000m\000e\000n\000t\000i\000\040\000d\000i\000\040\000S\000i\000n\000c\000r\000o\000n\000i\000z\000z\000a\000z\000i\000o\000n\000e}{section.1.5}% 13
\BOOKMARK [2][-]{subsection.1.5.3}{\376\377\000M\000o\000d\000e\000l\000l\000i\000\040\000L\000o\000g\000i\000c\000i\000\040\000p\000e\000r\000\040\000l\000a\000\040\000C\000o\000n\000c\000o\000r\000r\000e\000n\000z\000a}{section.1.5}% 14
\BOOKMARK [1][-]{section.1.6}{\376\377\000P\000r\000o\000c\000e\000s\000s\000i\000\040\000P\000e\000s\000a\000n\000t\000i\000\040\000e\000\040\000P\000r\000o\000c\000e\000s\000s\000i\000\040\000L\000e\000g\000g\000e\000r\000i}{chapter.1}% 15
\BOOKMARK [2][-]{subsection.1.6.1}{\376\377\000P\000r\000o\000c\000e\000s\000s\000i\000\040\000P\000e\000s\000a\000n\000t\000i}{section.1.6}% 16
\BOOKMARK [2][-]{subsection.1.6.2}{\376\377\000P\000r\000o\000c\000e\000s\000s\000i\000\040\000L\000e\000g\000g\000e\000r\000i\000\040\000-\000\040\000`\000`\000T\000h\000r\000e\000a\000d\000'\000'}{section.1.6}% 17
\BOOKMARK [0][-]{chapter.2}{\376\377\000T\000h\000r\000e\000a\000d\000\040\000i\000n\000\040\000J\000a\000v\000a}{}% 18
\BOOKMARK [1][-]{section.2.1}{\376\377\000C\000r\000e\000a\000z\000i\000o\000n\000e\000\040\000d\000i\000\040\000u\000n\000\040\000P\000r\000o\000c\000e\000s\000s\000o\000\040\000L\000e\000g\000g\000e\000r\000o}{chapter.2}% 19
\BOOKMARK [2][-]{subsection.2.1.1}{\376\377\000E\000s\000t\000e\000n\000s\000i\000o\000n\000e\000\040\000d\000e\000l\000l\000a\000\040\000C\000l\000a\000s\000s\000e\000\040\000T\000h\000r\000e\000a\000d}{section.2.1}% 20
\BOOKMARK [2][-]{subsection.2.1.2}{\376\377\000I\000m\000p\000l\000e\000m\000e\000n\000t\000a\000z\000i\000o\000n\000e\000\040\000d\000e\000l\000l\000'\000I\000n\000t\000e\000r\000f\000a\000c\000c\000i\000a\000\040\000R\000u\000n\000n\000a\000b\000l\000e}{section.2.1}% 21
\BOOKMARK [2][-]{subsection.2.1.3}{\376\377\000C\000o\000n\000s\000i\000d\000e\000r\000a\000z\000i\000o\000n\000i\000\040\000P\000r\000a\000t\000i\000c\000h\000e\000\040\000e\000d\000\040\000E\000s\000e\000c\000u\000z\000i\000o\000n\000e}{section.2.1}% 22
\BOOKMARK [1][-]{section.2.2}{\376\377\000P\000r\000i\000m\000i\000t\000i\000v\000e\000\040\000p\000e\000r\000\040\000l\000a\000\040\000G\000e\000s\000t\000i\000o\000n\000e\000\040\000d\000e\000l\000l\000'\000E\000s\000e\000c\000u\000z\000i\000o\000n\000e}{chapter.2}% 23
\BOOKMARK [2][-]{subsection.2.2.1}{\376\377\000C\000o\000n\000s\000i\000d\000e\000r\000a\000z\000i\000o\000n\000i}{section.2.2}% 24
\BOOKMARK [2][-]{subsection.2.2.2}{\376\377\000E\000s\000e\000m\000p\000i\000o\000\040\000d\000i\000\040\000C\000o\000n\000t\000r\000o\000l\000l\000o\000\040\000d\000e\000l\000l\000'\000E\000s\000e\000c\000u\000z\000i\000o\000n\000e\000\040\000t\000r\000a\000m\000i\000t\000e\000\040\000j\000o\000i\000n\000\050\000\051\000\040\000e\000\040\000y\000i\000e\000l\000d\000\050\000\051}{section.2.2}% 25
\BOOKMARK [0][-]{chapter.3}{\376\377\000S\000i\000n\000c\000r\000o\000n\000i\000z\000z\000a\000z\000i\000o\000n\000e\000\040\000t\000r\000a\000\040\000P\000r\000o\000c\000e\000s\000s\000i}{}% 26
\BOOKMARK [1][-]{section.3.1}{\376\377\000I\000l\000\040\000C\000o\000s\000t\000r\000u\000t\000t\000o\000\040\000s\000y\000n\000c\000h\000r\000o\000n\000i\000z\000e\000d}{chapter.3}% 27
\BOOKMARK [2][-]{subsection.3.1.1}{\376\377\000M\000e\000t\000o\000d\000i\000\040\000s\000y\000n\000c\000h\000r\000o\000n\000i\000z\000e\000d}{section.3.1}% 28
\BOOKMARK [2][-]{subsection.3.1.2}{\376\377\000B\000l\000o\000c\000c\000h\000i\000\040\000s\000y\000n\000c\000h\000r\000o\000n\000i\000z\000e\000d}{section.3.1}% 29
\BOOKMARK [2][-]{subsection.3.1.3}{\376\377\000P\000r\000i\000m\000i\000t\000i\000v\000e\000\040\000d\000i\000\040\000s\000y\000n\000c\000h\000r\000o\000n\000i\000z\000e\000d}{section.3.1}% 30
\BOOKMARK [2][-]{subsection.3.1.4}{\376\377\000R\000i\000e\000n\000t\000r\000a\000n\000z\000a\000\040\000d\000e\000l\000\040\000C\000o\000s\000t\000r\000u\000t\000t\000o\000\040\000s\000y\000n\000c\000h\000r\000o\000n\000i\000z\000e\000d}{section.3.1}% 31
\BOOKMARK [2][-]{subsection.3.1.5}{\376\377\000E\000s\000e\000m\000p\000i\000o\000\040\000d\000i\000\040\000S\000i\000n\000c\000r\000o\000n\000i\000z\000z\000a\000z\000i\000o\000n\000e\000\040\000t\000r\000a\000\040\000d\000u\000e\000\040\000T\000h\000r\000e\000a\000d\000\040\000t\000r\000a\000m\000i\000t\000e\000\040\000i\000l\000\040\000C\000o\000s\000t\000r\000u\000t\000t\000o\000\040\000s\000y\000n\000c\000h\000r\000o\000n\000i\000z\000e\000d\000\040\000R\000i\000e\000n\000t\000r\000a\000n\000t\000e}{section.3.1}% 32
\BOOKMARK [2][-]{subsection.3.1.6}{\376\377\000C\000o\000n\000s\000i\000d\000e\000r\000a\000z\000i\000o\000n\000i}{section.3.1}% 33
\BOOKMARK [1][-]{section.3.2}{\376\377\000L\000'\000I\000n\000t\000e\000r\000f\000a\000c\000c\000i\000a\000\040\000L\000o\000c\000k}{chapter.3}% 34
\BOOKMARK [2][-]{subsection.3.2.1}{\376\377\000C\000a\000t\000e\000g\000o\000r\000i\000e\000\040\000d\000i\000\040\000L\000o\000c\000k}{section.3.2}% 35
\BOOKMARK [2][-]{subsection.3.2.2}{\376\377\000E\000q\000u\000i\000t\000\340\000\040\000d\000i\000\040\000L\000o\000c\000k}{section.3.2}% 36
\BOOKMARK [2][-]{subsection.3.2.3}{\376\377\000P\000r\000i\000m\000i\000t\000i\000v\000e\000\040\000d\000i\000\040\000L\000o\000c\000k}{section.3.2}% 37
\BOOKMARK [2][-]{subsection.3.2.4}{\376\377\000V\000a\000r\000i\000a\000b\000i\000l\000i\000\040\000C\000o\000n\000d\000i\000z\000i\000o\000n\000e}{section.3.2}% 38
\BOOKMARK [2][-]{subsection.3.2.5}{\376\377\000E\000s\000e\000m\000p\000i\000o\000\040\000d\000i\000\040\000S\000i\000n\000c\000r\000o\000n\000i\000z\000z\000a\000z\000i\000o\000n\000e\000\040\000t\000r\000a\000\040\000d\000u\000e\000\040\000T\000h\000r\000e\000a\000d\000\040\000t\000r\000a\000m\000i\000t\000e\000\040\000l\000'\000I\000n\000t\000e\000r\000f\000a\000c\000c\000i\000a\000\040\000L\000o\000c\000k}{section.3.2}% 39
\BOOKMARK [2][-]{subsection.3.2.6}{\376\377\000C\000o\000n\000s\000i\000d\000e\000r\000a\000z\000i\000o\000n\000i}{section.3.2}% 40
\BOOKMARK [1][-]{section.3.3}{\376\377\000L\000a\000\040\000C\000l\000a\000s\000s\000e\000\040\000S\000e\000m\000a\000p\000h\000o\000r\000e}{chapter.3}% 41
\BOOKMARK [2][-]{subsection.3.3.1}{\376\377\000E\000q\000u\000i\000t\000\340\000\040\000d\000i\000\040\000S\000e\000m\000a\000p\000h\000o\000r\000e}{section.3.3}% 42
\BOOKMARK [2][-]{subsection.3.3.2}{\376\377\000P\000r\000i\000m\000i\000t\000i\000v\000e\000\040\000d\000i\000\040\000S\000e\000m\000a\000p\000h\000o\000r\000e}{section.3.3}% 43
\BOOKMARK [2][-]{subsection.3.3.3}{\376\377\000E\000s\000e\000m\000p\000i\000o\000\040\000d\000i\000\040\000S\000i\000n\000c\000r\000o\000n\000i\000z\000z\000a\000z\000i\000o\000n\000e\000\040\000t\000r\000a\000\040\000d\000u\000e\000\040\000T\000h\000r\000e\000a\000d\000\040\000t\000r\000a\000m\000i\000t\000e\000\040\000S\000e\000m\000a\000p\000h\000o\000r\000e}{section.3.3}% 44
\BOOKMARK [2][-]{subsection.3.3.4}{\376\377\000C\000o\000n\000s\000i\000d\000e\000r\000a\000z\000i\000o\000n\000i}{section.3.3}% 45
\BOOKMARK [1][-]{section.3.4}{\376\377\000K\000e\000y\000w\000o\000r\000d\000\040\000v\000o\000l\000a\000t\000i\000l\000e}{chapter.3}% 46
\BOOKMARK [1][-]{section.3.5}{\376\377\000C\000l\000a\000s\000s\000i\000\040\000A\000t\000o\000m\000i\000c\000h\000e}{chapter.3}% 47
\BOOKMARK [0][-]{chapter.4}{\376\377\000M\000e\000t\000o\000d\000o\000\040\000A\000l\000t\000e\000r\000n\000a\000t\000i\000v\000o\000\040\000p\000e\000r\000\040\000l\000'\000E\000s\000e\000c\000u\000z\000i\000o\000n\000e\000\040\000P\000a\000r\000a\000l\000l\000e\000l\000a\000\040\000d\000e\000i\000\040\000P\000r\000o\000c\000e\000s\000s\000i}{}% 48
\BOOKMARK [1][-]{section.4.1}{\376\377\000T\000h\000r\000e\000a\000d\000\040\000P\000o\000o\000l\000s}{chapter.4}% 49
\BOOKMARK [1][-]{section.4.2}{\376\377\000I\000m\000p\000l\000e\000m\000e\000n\000t\000a\000z\000i\000o\000n\000e\000\040\000d\000i\000\040\000T\000h\000r\000e\000a\000d\000\040\000P\000o\000o\000l\000s}{chapter.4}% 50
\BOOKMARK [2][-]{subsection.4.2.1}{\376\377\000L\000a\000\040\000C\000l\000a\000s\000s\000e\000\040\000E\000x\000e\000c\000u\000t\000o\000r\000s}{section.4.2}% 51
\BOOKMARK [2][-]{subsection.4.2.2}{\376\377\000L\000a\000\040\000C\000l\000a\000s\000s\000e\000\040\000T\000h\000r\000e\000a\000d\000P\000o\000o\000l\000E\000x\000e\000c\000u\000t\000o\000r}{section.4.2}% 52
\BOOKMARK [2][-]{subsection.4.2.3}{\376\377\000L\000a\000\040\000C\000l\000a\000s\000s\000e\000\040\000S\000c\000h\000e\000d\000u\000l\000e\000d\000T\000h\000r\000e\000a\000d\000P\000o\000o\000l\000E\000x\000e\000c\000u\000t\000o\000r}{section.4.2}% 53
\BOOKMARK [2][-]{subsection.4.2.4}{\376\377\000L\000a\000\040\000C\000l\000a\000s\000s\000e\000\040\000F\000o\000r\000k\000J\000o\000i\000n\000P\000o\000o\000l}{section.4.2}% 54
\BOOKMARK [2][-]{subsection.4.2.5}{\376\377\000P\000r\000i\000m\000i\000t\000i\000v\000e\000\040\000d\000i\000\040\000E\000x\000e\000c\000u\000t\000o\000r\000S\000e\000r\000v\000i\000c\000e}{section.4.2}% 55
\BOOKMARK [2][-]{subsection.4.2.6}{\376\377\000E\000s\000e\000m\000p\000i\000o\000\040\000d\000i\000\040\000I\000m\000p\000l\000e\000m\000e\000n\000t\000a\000z\000i\000o\000n\000e\000\040\000d\000i\000\040\000u\000n\000a\000\040\000T\000h\000r\000e\000a\000d\000\040\000P\000o\000o\000l\000\040\000t\000r\000a\000m\000i\000t\000e\000\040\000E\000x\000e\000c\000u\000t\000o\000r\000S\000e\000r\000v\000i\000c\000e}{section.4.2}% 56
\BOOKMARK [2][-]{subsection.4.2.7}{\376\377\000C\000o\000n\000s\000i\000d\000e\000r\000a\000z\000i\000o\000n\000i}{section.4.2}% 57
\BOOKMARK [0][-]{chapter.5}{\376\377\000C\000o\000n\000c\000l\000u\000s\000i\000o\000n\000i}{}% 58
\BOOKMARK [1][-]{section.5.1}{\376\377\000P\000r\000o\000g\000r\000a\000m\000m\000i\000\040\000S\000v\000i\000l\000u\000p\000p\000a\000t\000i}{chapter.5}% 59
\BOOKMARK [0][-]{appendix.Alph1}{\376\377\000U\000l\000t\000e\000r\000i\000o\000r\000i\000\040\000E\000s\000e\000m\000p\000i}{}% 60
\BOOKMARK [1][-]{section.Alph1.1}{\376\377\000P\000r\000o\000b\000l\000e\000m\000a\000\040\000d\000e\000i\000\040\000P\000r\000o\000c\000e\000s\000s\000i\000\040\000L\000e\000t\000t\000o\000r\000i\000\040\000e\000\040\000S\000c\000r\000i\000t\000t\000o\000r\000i}{appendix.Alph1}% 61
\BOOKMARK [1][-]{section.Alph1.2}{\376\377\000P\000r\000o\000b\000l\000e\000m\000a\000\040\000d\000e\000l\000l\000a\000\040\000C\000e\000n\000a\000\040\000t\000r\000a\000\040\000i\000\040\000C\000i\000n\000q\000u\000e\000\040\000F\000i\000l\000o\000s\000o\000f\000i}{appendix.Alph1}% 62
\BOOKMARK [1][-]{section.Alph1.3}{\376\377\000E\000s\000e\000m\000p\000i\000o\000\040\000d\000i\000\040\000u\000t\000i\000l\000i\000z\000z\000o\000\040\000d\000e\000l\000l\000e\000\040\000P\000r\000i\000m\000i\000t\000i\000v\000e\000\040\000d\000i\000\040\000s\000y\000n\000c\000h\000r\000o\000n\000i\000z\000e\000d}{appendix.Alph1}% 63
\BOOKMARK [1][-]{section.Alph1.4}{\376\377\000E\000s\000e\000m\000p\000i\000o\000\040\000d\000i\000\040\000u\000t\000i\000l\000i\000z\000z\000o\000\040\000d\000e\000l\000l\000e\000\040\000V\000a\000r\000i\000a\000b\000i\000l\000i\000\040\000C\000o\000n\000d\000i\000z\000i\000o\000n\000e}{appendix.Alph1}% 64
\BOOKMARK [1][-]{section.Alph1.5}{\376\377\000E\000s\000e\000m\000p\000i\000o\000\040\000d\000i\000\040\000u\000t\000i\000l\000i\000z\000z\000o\000\040\000d\000i\000\040\000u\000n\000a\000\040\000V\000a\000r\000i\000a\000b\000i\000l\000e\000\040\000A\000t\000o\000m\000i\000c\000a}{appendix.Alph1}% 65
